main.c:158:5:MPU6050_Init	32	static
main.c:193:7:MPU6050_Read_Accel	184	static
main.c:228:6:MPU6050_Read_Gyro	184	static
main.c:260:7:KalmanMPU	48	static
main.c:300:5:main	216	static
main.c:483:6:SystemClock_Config	88	static
main.c:527:13:MX_ADC1_Init	24	static
main.c:577:13:MX_I2C1_Init	8	static
main.c:611:13:MX_I2C2_Init	8	static
main.c:645:13:MX_TIM4_Init	48	static
main.c:694:13:MX_UART5_Init	8	static
main.c:727:13:MX_GPIO_Init	32	static
main.c:747:6:Error_Handler	4	static,ignoring_inline_asm
