main.c:101:5:MPU6050_Init	32	static
main.c:135:6:MPU6050_Read_Accel	40	static
main.c:158:6:MPU6050_Read_Gyro	40	static
main.c:181:6:getoffset	4	static
main.c:186:6:setoffset	16	static
main.c:195:5:main	136	static
main.c:346:6:SystemClock_Config	88	static
main.c:390:13:MX_ADC1_Init	24	static
main.c:440:13:MX_I2C1_Init	8	static
main.c:474:13:MX_I2C2_Init	8	static
main.c:508:13:MX_TIM4_Init	48	static
main.c:557:13:MX_UART5_Init	8	static
main.c:590:13:MX_GPIO_Init	32	static
main.c:610:6:Error_Handler	4	static,ignoring_inline_asm
